0	0	test_normal0.jpeg
1	0	test_normal1.jpeg
2	0	test_normal2.jpeg
3	0	test_normal3.jpeg
4	0	test_normal4.jpeg
5	0	test_normal5.jpeg
6	0	test_normal6.jpeg
7	0	test_normal7.jpeg
8	0	test_normal8.jpeg
9	0	test_normal9.jpeg
10	0	test_normal10.jpeg
11	0	test_normal11.jpeg
12	0	test_normal12.jpeg
13	0	test_normal13.jpeg
14	0	test_normal14.jpeg
15	0	test_normal15.jpeg
16	0	test_normal16.jpeg
17	0	test_normal17.jpeg
18	0	test_normal18.jpeg
19	0	test_normal19.jpeg
20	0	test_normal20.jpeg
21	0	test_normal21.jpeg
22	0	test_normal22.jpeg
23	0	test_normal23.jpeg
24	0	test_normal24.jpeg
25	0	test_normal25.jpeg
26	0	test_normal26.jpeg
27	0	test_normal27.jpeg
28	0	test_normal28.jpeg
29	0	test_normal29.jpeg
30	0	test_normal30.jpeg
31	0	test_normal31.jpeg
32	0	test_normal32.jpeg
33	0	test_normal33.jpeg
34	0	test_normal34.jpeg
35	0	test_normal35.jpeg
36	0	test_normal36.jpeg
37	0	test_normal37.jpeg
38	0	test_normal38.jpeg
39	0	test_normal39.jpeg
40	0	test_normal40.jpeg
41	0	test_normal41.jpeg
42	0	test_normal42.jpeg
43	0	test_normal43.jpeg
44	0	test_normal44.jpeg
45	0	test_normal45.jpeg
46	0	test_normal46.jpeg
47	0	test_normal47.jpeg
48	0	test_normal48.jpeg
49	0	test_normal49.jpeg
50	0	test_normal50.jpeg
51	0	test_normal51.jpeg
52	0	test_normal52.jpeg
53	0	test_normal53.jpeg
54	0	test_normal54.jpeg
55	0	test_normal55.jpeg
56	0	test_normal56.jpeg
57	0	test_normal57.jpeg
58	0	test_normal58.jpeg
59	0	test_normal59.jpeg
60	0	test_normal60.jpeg
61	0	test_normal61.jpeg
62	0	test_normal62.jpeg
63	0	test_normal63.jpeg
64	0	test_normal64.jpeg
65	0	test_normal65.jpeg
66	0	test_normal66.jpeg
67	0	test_normal67.jpeg
68	0	test_normal68.jpeg
69	0	test_normal69.jpeg
70	0	test_normal70.jpeg
71	0	test_normal71.jpeg
72	0	test_normal72.jpeg
73	0	test_normal73.jpeg
74	0	test_normal74.jpeg
75	0	test_normal75.jpeg
76	0	test_normal76.jpeg
77	0	test_normal77.jpeg
78	0	test_normal78.jpeg
79	0	test_normal79.jpeg
80	0	test_normal80.jpeg
81	0	test_normal81.jpeg
82	0	test_normal82.jpeg
83	0	test_normal83.jpeg
84	0	test_normal84.jpeg
85	0	test_normal85.jpeg
86	0	test_normal86.jpeg
87	0	test_normal87.jpeg
88	0	test_normal88.jpeg
89	0	test_normal89.jpeg
90	0	test_normal90.jpeg
91	0	test_normal91.jpeg
92	0	test_normal92.jpeg
93	0	test_normal93.jpeg
94	0	test_normal94.jpeg
95	0	test_normal95.jpeg
96	0	test_normal96.jpeg
97	0	test_normal97.jpeg
98	0	test_normal98.jpeg
99	0	test_normal99.jpeg
100	0	test_normal100.jpeg
101	0	test_normal101.jpeg
102	0	test_normal102.jpeg
103	0	test_normal103.jpeg
104	0	test_normal104.jpeg
105	0	test_normal105.jpeg
106	0	test_normal106.jpeg
107	0	test_normal107.jpeg
108	0	test_normal108.jpeg
109	0	test_normal109.jpeg
110	0	test_normal110.jpeg
111	0	test_normal111.jpeg
112	0	test_normal112.jpeg
113	0	test_normal113.jpeg
114	0	test_normal114.jpeg
115	0	test_normal115.jpeg
116	0	test_normal116.jpeg
117	0	test_normal117.jpeg
118	0	test_normal118.jpeg
119	0	test_normal119.jpeg
120	0	test_normal120.jpeg
121	0	test_normal121.jpeg
122	0	test_normal122.jpeg
123	0	test_normal123.jpeg
124	0	test_normal124.jpeg
125	0	test_normal125.jpeg
126	0	test_normal126.jpeg
127	0	test_normal127.jpeg
128	0	test_normal128.jpeg
129	0	test_normal129.jpeg
130	0	test_normal130.jpeg
131	0	test_normal131.jpeg
132	0	test_normal132.jpeg
133	0	test_normal133.jpeg
134	0	test_normal134.jpeg
135	0	test_normal135.jpeg
136	0	test_normal136.jpeg
137	0	test_normal137.jpeg
138	0	test_normal138.jpeg
139	0	test_normal139.jpeg
140	0	test_normal140.jpeg
141	0	test_normal141.jpeg
142	0	test_normal142.jpeg
143	0	test_normal143.jpeg
144	0	test_normal144.jpeg
145	0	test_normal145.jpeg
146	0	test_normal146.jpeg
147	0	test_normal147.jpeg
148	0	test_normal148.jpeg
149	0	test_normal149.jpeg
150	0	test_normal150.jpeg
151	0	test_normal151.jpeg
152	0	test_normal152.jpeg
153	0	test_normal153.jpeg
154	0	test_normal154.jpeg
155	0	test_normal155.jpeg
156	0	test_normal156.jpeg
157	0	test_normal157.jpeg
158	0	test_normal158.jpeg
159	0	test_normal159.jpeg
160	0	test_normal160.jpeg
161	0	test_normal161.jpeg
162	0	test_normal162.jpeg
163	0	test_normal163.jpeg
164	0	test_normal164.jpeg
165	0	test_normal165.jpeg
166	0	test_normal166.jpeg
167	0	test_normal167.jpeg
168	0	test_normal168.jpeg
169	0	test_normal169.jpeg
170	0	test_normal170.jpeg
171	0	test_normal171.jpeg
172	0	test_normal172.jpeg
173	0	test_normal173.jpeg
174	0	test_normal174.jpeg
175	0	test_normal175.jpeg
176	0	test_normal176.jpeg
177	0	test_normal177.jpeg
178	0	test_normal178.jpeg
179	0	test_normal179.jpeg
180	0	test_normal180.jpeg
181	0	test_normal181.jpeg
182	0	test_normal182.jpeg
183	0	test_normal183.jpeg
184	0	test_normal184.jpeg
185	0	test_normal185.jpeg
186	0	test_normal186.jpeg
187	0	test_normal187.jpeg
188	0	test_normal188.jpeg
189	0	test_normal189.jpeg
190	0	test_normal190.jpeg
191	0	test_normal191.jpeg
192	0	test_normal192.jpeg
193	0	test_normal193.jpeg
194	0	test_normal194.jpeg
195	0	test_normal195.jpeg
196	0	test_normal196.jpeg
197	0	test_normal197.jpeg
198	0	test_normal198.jpeg
199	0	test_normal199.jpeg
200	0	test_normal200.jpeg
201	0	test_normal201.jpeg
202	0	test_normal202.jpeg
203	0	test_normal203.jpeg
204	0	test_normal204.jpeg
205	0	test_normal205.jpeg
206	0	test_normal206.jpeg
207	0	test_normal207.jpeg
208	0	test_normal208.jpeg
209	0	test_normal209.jpeg
210	0	test_normal210.jpeg
211	0	test_normal211.jpeg
212	0	test_normal212.jpeg
213	0	test_normal213.jpeg
214	0	test_normal214.jpeg
215	0	test_normal215.jpeg
216	0	test_normal216.jpeg
217	0	test_normal217.jpeg
218	0	test_normal218.jpeg
219	0	test_normal219.jpeg
220	0	test_normal220.jpeg
221	0	test_normal221.jpeg
222	0	test_normal222.jpeg
223	0	test_normal223.jpeg
224	0	test_normal224.jpeg
225	0	test_normal225.jpeg
226	0	test_normal226.jpeg
227	0	test_normal227.jpeg
228	0	test_normal228.jpeg
229	0	test_normal229.jpeg
230	0	test_normal230.jpeg
231	0	test_normal231.jpeg
232	0	test_normal232.jpeg
233	0	test_normal233.jpeg
234	0	test_pneumonia0.jpeg
235	0	test_pneumonia1.jpeg
236	0	test_pneumonia2.jpeg
237	0	test_pneumonia3.jpeg
238	0	test_pneumonia4.jpeg
239	0	test_pneumonia5.jpeg
240	0	test_pneumonia6.jpeg
241	0	test_pneumonia7.jpeg
242	0	test_pneumonia8.jpeg
243	0	test_pneumonia9.jpeg
244	0	test_pneumonia10.jpeg
245	0	test_pneumonia11.jpeg
246	0	test_pneumonia12.jpeg
247	0	test_pneumonia13.jpeg
248	0	test_pneumonia14.jpeg
249	0	test_pneumonia15.jpeg
250	0	test_pneumonia16.jpeg
251	0	test_pneumonia17.jpeg
252	0	test_pneumonia18.jpeg
253	0	test_pneumonia19.jpeg
254	0	test_pneumonia20.jpeg
255	0	test_pneumonia21.jpeg
256	0	test_pneumonia22.jpeg
257	0	test_pneumonia23.jpeg
258	0	test_pneumonia24.jpeg
259	0	test_pneumonia25.jpeg
260	0	test_pneumonia26.jpeg
261	0	test_pneumonia27.jpeg
262	0	test_pneumonia28.jpeg
263	0	test_pneumonia29.jpeg
264	0	test_pneumonia30.jpeg
265	0	test_pneumonia31.jpeg
266	0	test_pneumonia32.jpeg
267	0	test_pneumonia33.jpeg
268	0	test_pneumonia34.jpeg
269	0	test_pneumonia35.jpeg
270	0	test_pneumonia36.jpeg
271	0	test_pneumonia37.jpeg
272	0	test_pneumonia38.jpeg
273	0	test_pneumonia39.jpeg
274	0	test_pneumonia40.jpeg
275	0	test_pneumonia41.jpeg
276	0	test_pneumonia42.jpeg
277	0	test_pneumonia43.jpeg
278	0	test_pneumonia44.jpeg
279	0	test_pneumonia45.jpeg
280	0	test_pneumonia46.jpeg
281	0	test_pneumonia47.jpeg
282	0	test_pneumonia48.jpeg
283	0	test_pneumonia49.jpeg
284	0	test_pneumonia50.jpeg
285	0	test_pneumonia51.jpeg
286	0	test_pneumonia52.jpeg
287	0	test_pneumonia53.jpeg
288	0	test_pneumonia54.jpeg
289	0	test_pneumonia55.jpeg
290	0	test_pneumonia56.jpeg
291	0	test_pneumonia57.jpeg
292	0	test_pneumonia58.jpeg
293	0	test_pneumonia59.jpeg
294	0	test_pneumonia60.jpeg
295	0	test_pneumonia61.jpeg
296	0	test_pneumonia62.jpeg
297	0	test_pneumonia63.jpeg
298	0	test_pneumonia64.jpeg
299	0	test_pneumonia65.jpeg
300	0	test_pneumonia66.jpeg
301	0	test_pneumonia67.jpeg
302	0	test_pneumonia68.jpeg
303	0	test_pneumonia69.jpeg
304	0	test_pneumonia70.jpeg
305	0	test_pneumonia71.jpeg
306	0	test_pneumonia72.jpeg
307	0	test_pneumonia73.jpeg
308	0	test_pneumonia74.jpeg
309	0	test_pneumonia75.jpeg
310	0	test_pneumonia76.jpeg
311	0	test_pneumonia77.jpeg
312	0	test_pneumonia78.jpeg
313	0	test_pneumonia79.jpeg
314	0	test_pneumonia80.jpeg
315	0	test_pneumonia81.jpeg
316	0	test_pneumonia82.jpeg
317	0	test_pneumonia83.jpeg
318	0	test_pneumonia84.jpeg
319	0	test_pneumonia85.jpeg
320	0	test_pneumonia86.jpeg
321	0	test_pneumonia87.jpeg
322	0	test_pneumonia88.jpeg
323	0	test_pneumonia89.jpeg
324	0	test_pneumonia90.jpeg
325	0	test_pneumonia91.jpeg
326	0	test_pneumonia92.jpeg
327	0	test_pneumonia93.jpeg
328	0	test_pneumonia94.jpeg
329	0	test_pneumonia95.jpeg
330	0	test_pneumonia96.jpeg
331	0	test_pneumonia97.jpeg
332	0	test_pneumonia98.jpeg
333	0	test_pneumonia99.jpeg
334	0	test_pneumonia100.jpeg
335	0	test_pneumonia101.jpeg
336	0	test_pneumonia102.jpeg
337	0	test_pneumonia103.jpeg
338	0	test_pneumonia104.jpeg
339	0	test_pneumonia105.jpeg
340	0	test_pneumonia106.jpeg
341	0	test_pneumonia107.jpeg
342	0	test_pneumonia108.jpeg
343	0	test_pneumonia109.jpeg
344	0	test_pneumonia110.jpeg
345	0	test_pneumonia111.jpeg
346	0	test_pneumonia112.jpeg
347	0	test_pneumonia113.jpeg
348	0	test_pneumonia114.jpeg
349	0	test_pneumonia115.jpeg
350	0	test_pneumonia116.jpeg
351	0	test_pneumonia117.jpeg
352	0	test_pneumonia118.jpeg
353	0	test_pneumonia119.jpeg
354	0	test_pneumonia120.jpeg
355	0	test_pneumonia121.jpeg
356	0	test_pneumonia122.jpeg
357	0	test_pneumonia123.jpeg
358	0	test_pneumonia124.jpeg
359	0	test_pneumonia125.jpeg
360	0	test_pneumonia126.jpeg
361	0	test_pneumonia127.jpeg
362	0	test_pneumonia128.jpeg
363	0	test_pneumonia129.jpeg
364	0	test_pneumonia130.jpeg
365	0	test_pneumonia131.jpeg
366	0	test_pneumonia132.jpeg
367	0	test_pneumonia133.jpeg
368	0	test_pneumonia134.jpeg
369	0	test_pneumonia135.jpeg
370	0	test_pneumonia136.jpeg
371	0	test_pneumonia137.jpeg
372	0	test_pneumonia138.jpeg
373	0	test_pneumonia139.jpeg
374	0	test_pneumonia140.jpeg
375	0	test_pneumonia141.jpeg
376	0	test_pneumonia142.jpeg
377	0	test_pneumonia143.jpeg
378	0	test_pneumonia144.jpeg
379	0	test_pneumonia145.jpeg
380	0	test_pneumonia146.jpeg
381	0	test_pneumonia147.jpeg
382	0	test_pneumonia148.jpeg
383	0	test_pneumonia149.jpeg
384	0	test_pneumonia150.jpeg
385	0	test_pneumonia151.jpeg
386	0	test_pneumonia152.jpeg
387	0	test_pneumonia153.jpeg
388	0	test_pneumonia154.jpeg
389	0	test_pneumonia155.jpeg
390	0	test_pneumonia156.jpeg
391	0	test_pneumonia157.jpeg
392	0	test_pneumonia158.jpeg
393	0	test_pneumonia159.jpeg
394	0	test_pneumonia160.jpeg
395	0	test_pneumonia161.jpeg
396	0	test_pneumonia162.jpeg
397	0	test_pneumonia163.jpeg
398	0	test_pneumonia164.jpeg
399	0	test_pneumonia165.jpeg
400	0	test_pneumonia166.jpeg
401	0	test_pneumonia167.jpeg
402	0	test_pneumonia168.jpeg
403	0	test_pneumonia169.jpeg
404	0	test_pneumonia170.jpeg
405	0	test_pneumonia171.jpeg
406	0	test_pneumonia172.jpeg
407	0	test_pneumonia173.jpeg
408	0	test_pneumonia174.jpeg
409	0	test_pneumonia175.jpeg
410	0	test_pneumonia176.jpeg
411	0	test_pneumonia177.jpeg
412	0	test_pneumonia178.jpeg
413	0	test_pneumonia179.jpeg
414	0	test_pneumonia180.jpeg
415	0	test_pneumonia181.jpeg
416	0	test_pneumonia182.jpeg
417	0	test_pneumonia183.jpeg
418	0	test_pneumonia184.jpeg
419	0	test_pneumonia185.jpeg
420	0	test_pneumonia186.jpeg
421	0	test_pneumonia187.jpeg
422	0	test_pneumonia188.jpeg
423	0	test_pneumonia189.jpeg
424	0	test_pneumonia190.jpeg
425	0	test_pneumonia191.jpeg
426	0	test_pneumonia192.jpeg
427	0	test_pneumonia193.jpeg
428	0	test_pneumonia194.jpeg
429	0	test_pneumonia195.jpeg
430	0	test_pneumonia196.jpeg
431	0	test_pneumonia197.jpeg
432	0	test_pneumonia198.jpeg
433	0	test_pneumonia199.jpeg
434	0	test_pneumonia200.jpeg
435	0	test_pneumonia201.jpeg
436	0	test_pneumonia202.jpeg
437	0	test_pneumonia203.jpeg
438	0	test_pneumonia204.jpeg
439	0	test_pneumonia205.jpeg
440	0	test_pneumonia206.jpeg
441	0	test_pneumonia207.jpeg
442	0	test_pneumonia208.jpeg
443	0	test_pneumonia209.jpeg
444	0	test_pneumonia210.jpeg
445	0	test_pneumonia211.jpeg
446	0	test_pneumonia212.jpeg
447	0	test_pneumonia213.jpeg
448	0	test_pneumonia214.jpeg
449	0	test_pneumonia215.jpeg
450	0	test_pneumonia216.jpeg
451	0	test_pneumonia217.jpeg
452	0	test_pneumonia218.jpeg
453	0	test_pneumonia219.jpeg
454	0	test_pneumonia220.jpeg
455	0	test_pneumonia221.jpeg
456	0	test_pneumonia222.jpeg
457	0	test_pneumonia223.jpeg
458	0	test_pneumonia224.jpeg
459	0	test_pneumonia225.jpeg
460	0	test_pneumonia226.jpeg
461	0	test_pneumonia227.jpeg
462	0	test_pneumonia228.jpeg
463	0	test_pneumonia229.jpeg
464	0	test_pneumonia230.jpeg
465	0	test_pneumonia231.jpeg
466	0	test_pneumonia232.jpeg
467	0	test_pneumonia233.jpeg
468	0	test_pneumonia234.jpeg
469	0	test_pneumonia235.jpeg
470	0	test_pneumonia236.jpeg
471	0	test_pneumonia237.jpeg
472	0	test_pneumonia238.jpeg
473	0	test_pneumonia239.jpeg
474	0	test_pneumonia240.jpeg
475	0	test_pneumonia241.jpeg
476	0	test_pneumonia242.jpeg
477	0	test_pneumonia243.jpeg
478	0	test_pneumonia244.jpeg
479	0	test_pneumonia245.jpeg
480	0	test_pneumonia246.jpeg
481	0	test_pneumonia247.jpeg
482	0	test_pneumonia248.jpeg
483	0	test_pneumonia249.jpeg
484	0	test_pneumonia250.jpeg
485	0	test_pneumonia251.jpeg
486	0	test_pneumonia252.jpeg
487	0	test_pneumonia253.jpeg
488	0	test_pneumonia254.jpeg
489	0	test_pneumonia255.jpeg
490	0	test_pneumonia256.jpeg
491	0	test_pneumonia257.jpeg
492	0	test_pneumonia258.jpeg
493	0	test_pneumonia259.jpeg
494	0	test_pneumonia260.jpeg
495	0	test_pneumonia261.jpeg
496	0	test_pneumonia262.jpeg
497	0	test_pneumonia263.jpeg
498	0	test_pneumonia264.jpeg
499	0	test_pneumonia265.jpeg
500	0	test_pneumonia266.jpeg
501	0	test_pneumonia267.jpeg
502	0	test_pneumonia268.jpeg
503	0	test_pneumonia269.jpeg
504	0	test_pneumonia270.jpeg
505	0	test_pneumonia271.jpeg
506	0	test_pneumonia272.jpeg
507	0	test_pneumonia273.jpeg
508	0	test_pneumonia274.jpeg
509	0	test_pneumonia275.jpeg
510	0	test_pneumonia276.jpeg
511	0	test_pneumonia277.jpeg
512	0	test_pneumonia278.jpeg
513	0	test_pneumonia279.jpeg
514	0	test_pneumonia280.jpeg
515	0	test_pneumonia281.jpeg
516	0	test_pneumonia282.jpeg
517	0	test_pneumonia283.jpeg
518	0	test_pneumonia284.jpeg
519	0	test_pneumonia285.jpeg
520	0	test_pneumonia286.jpeg
521	0	test_pneumonia287.jpeg
522	0	test_pneumonia288.jpeg
523	0	test_pneumonia289.jpeg
524	0	test_pneumonia290.jpeg
525	0	test_pneumonia291.jpeg
526	0	test_pneumonia292.jpeg
527	0	test_pneumonia293.jpeg
528	0	test_pneumonia294.jpeg
529	0	test_pneumonia295.jpeg
530	0	test_pneumonia296.jpeg
531	0	test_pneumonia297.jpeg
532	0	test_pneumonia298.jpeg
533	0	test_pneumonia299.jpeg
534	0	test_pneumonia300.jpeg
535	0	test_pneumonia301.jpeg
536	0	test_pneumonia302.jpeg
537	0	test_pneumonia303.jpeg
538	0	test_pneumonia304.jpeg
539	0	test_pneumonia305.jpeg
540	0	test_pneumonia306.jpeg
541	0	test_pneumonia307.jpeg
542	0	test_pneumonia308.jpeg
543	0	test_pneumonia309.jpeg
544	0	test_pneumonia310.jpeg
545	0	test_pneumonia311.jpeg
546	0	test_pneumonia312.jpeg
547	0	test_pneumonia313.jpeg
548	0	test_pneumonia314.jpeg
549	0	test_pneumonia315.jpeg
550	0	test_pneumonia316.jpeg
551	0	test_pneumonia317.jpeg
552	0	test_pneumonia318.jpeg
553	0	test_pneumonia319.jpeg
554	0	test_pneumonia320.jpeg
555	0	test_pneumonia321.jpeg
556	0	test_pneumonia322.jpeg
557	0	test_pneumonia323.jpeg
558	0	test_pneumonia324.jpeg
559	0	test_pneumonia325.jpeg
560	0	test_pneumonia326.jpeg
561	0	test_pneumonia327.jpeg
562	0	test_pneumonia328.jpeg
563	0	test_pneumonia329.jpeg
564	0	test_pneumonia330.jpeg
565	0	test_pneumonia331.jpeg
566	0	test_pneumonia332.jpeg
567	0	test_pneumonia333.jpeg
568	0	test_pneumonia334.jpeg
569	0	test_pneumonia335.jpeg
570	0	test_pneumonia336.jpeg
571	0	test_pneumonia337.jpeg
572	0	test_pneumonia338.jpeg
573	0	test_pneumonia339.jpeg
574	0	test_pneumonia340.jpeg
575	0	test_pneumonia341.jpeg
576	0	test_pneumonia342.jpeg
577	0	test_pneumonia343.jpeg
578	0	test_pneumonia344.jpeg
579	0	test_pneumonia345.jpeg
580	0	test_pneumonia346.jpeg
581	0	test_pneumonia347.jpeg
582	0	test_pneumonia348.jpeg
583	0	test_pneumonia349.jpeg
584	0	test_pneumonia350.jpeg
585	0	test_pneumonia351.jpeg
586	0	test_pneumonia352.jpeg
587	0	test_pneumonia353.jpeg
588	0	test_pneumonia354.jpeg
589	0	test_pneumonia355.jpeg
590	0	test_pneumonia356.jpeg
591	0	test_pneumonia357.jpeg
592	0	test_pneumonia358.jpeg
593	0	test_pneumonia359.jpeg
594	0	test_pneumonia360.jpeg
595	0	test_pneumonia361.jpeg
596	0	test_pneumonia362.jpeg
597	0	test_pneumonia363.jpeg
598	0	test_pneumonia364.jpeg
599	0	test_pneumonia365.jpeg
600	0	test_pneumonia366.jpeg
601	0	test_pneumonia367.jpeg
602	0	test_pneumonia368.jpeg
603	0	test_pneumonia369.jpeg
604	0	test_pneumonia370.jpeg
605	0	test_pneumonia371.jpeg
606	0	test_pneumonia372.jpeg
607	0	test_pneumonia373.jpeg
608	0	test_pneumonia374.jpeg
609	0	test_pneumonia375.jpeg
610	0	test_pneumonia376.jpeg
611	0	test_pneumonia377.jpeg
612	0	test_pneumonia378.jpeg
613	0	test_pneumonia379.jpeg
614	0	test_pneumonia380.jpeg
615	0	test_pneumonia381.jpeg
616	0	test_pneumonia382.jpeg
617	0	test_pneumonia383.jpeg
618	0	test_pneumonia384.jpeg
619	0	test_pneumonia385.jpeg
620	0	test_pneumonia386.jpeg
621	0	test_pneumonia387.jpeg
622	0	test_pneumonia388.jpeg
623	0	test_pneumonia389.jpeg
